ÔÜá Port 3000 is in use by process 704116, using available port 3001 instead.
ÔÜá Invalid next.config.ts options detected: 
ÔÜá     Unrecognized key(s) in object: 'serverComponentsExternalPackages'
ÔÜá See more info here: https://nextjs.org/docs/messages/invalid-next-config
Ôû▓ Next.js 16.1.6 (Turbopack)
- Local:         http://localhost:3001
- Network:       http://10.0.208.76:3001
- Environments: .env

Ô£ô Starting...
Ô£ô Ready in 719ms
ÔÜá Found a change in next.config.ts. Restarting the server to apply the changes...
ÔÜá Invalid next.config.ts options detected: 
ÔÜá     Unrecognized key(s) in object: 'serverComponentsExternalPackages' at "experimental"
ÔÜá See more info here: https://nextjs.org/docs/messages/invalid-next-config
ÔÜá `experimental.serverComponentsExternalPackages` has been moved to `serverExternalPackages`. Please update your next.config.ts file accordingly.
Ôû▓ Next.js 16.1.6 (Turbopack)
- Local:         http://localhost:3001
- Network:       http://10.0.208.76:3001
- Environments: .env
- Experiments (use with caution):
  ? serverComponentsExternalPackages (invalid experimental key)

Ô£ô Starting...
Ô£ô Ready in 817ms
