Ôû▓ Next.js 16.1.6 (Turbopack)
- Local:         http://localhost:3000
- Network:       http://10.0.208.76:3000
- Environments: .env

Ô£ô Starting...
Ô£ô Ready in 979ms
 GET / 200 in 3.1s (compile: 1867ms, render: 1272ms)
 GET /admin 200 in 1034ms (compile: 493ms, render: 540ms)
ÔÜá Found a change in next.config.ts. Restarting the server to apply the changes...
ÔÜá Invalid next.config.ts options detected: 
ÔÜá     Unrecognized key(s) in object: 'serverComponentsExternalPackages'
ÔÜá See more info here: https://nextjs.org/docs/messages/invalid-next-config
Ôû▓ Next.js 16.1.6 (Turbopack)
- Local:         http://localhost:3000
- Network:       http://10.0.208.76:3000
- Environments: .env

Ô£ô Starting...
Ô£ô Ready in 874ms
 GET / 200 in 1901ms (compile: 782ms, render: 1119ms)

thread 'tokio-runtime-worker' (387696) panicked at C:\actions-runner\_work\next.js\next.js\turbopack\crates\turbo-tasks-backend\src\backend\operation\mod.rs:156:17:
Failed to restore task data (corrupted database or bug): Meta for realpath_with_links (TaskId 285))

Caused by:
    0: Looking up data for TaskId 285 from database failed
    1: Unable to open static sorted file referenced from 00000046.meta
    2: Unable to open static sorted file 00000038.sst
    3: The system cannot find the path specified. (os error 3)
note: run with `RUST_BACKTRACE=1` environment variable to display a backtrace
Persisting failed: Unable to open static sorted file referenced from 00000042.meta

Caused by:
    0: Unable to open static sorted file 00000039.sst
    1: The system cannot find the file specified. (os error 2)
Persisting failed: Another write batch or compaction is already active (Only a single write operations is allowed at a time)
Persisting failed: Another write batch or compaction is already active (Only a single write operations is allowed at a time)
ÔÜá Found a change in next.config.ts. Restarting the server to apply the changes...
ÔÜá Invalid next.config.ts options detected: 
ÔÜá     Unrecognized key(s) in object: 'serverComponentsExternalPackages' at "experimental"
ÔÜá See more info here: https://nextjs.org/docs/messages/invalid-next-config
ÔÜá `experimental.serverComponentsExternalPackages` has been moved to `serverExternalPackages`. Please update your next.config.ts file accordingly.
Ôû▓ Next.js 16.1.6 (Turbopack)
- Local:         http://localhost:3000
- Network:       http://10.0.208.76:3000
- Environments: .env
- Experiments (use with caution):
  ? serverComponentsExternalPackages (invalid experimental key)

Ô£ô Starting...
Ô¿» Unable to acquire lock at D:\antigravity\ayosinau\.next\dev\lock, is another instance of next dev running?
  Suggestion: If you intended to restart next dev, terminate the other process, and then try again.
[?25h
